=== RELAY session start Fri Jul 10 14:54:09 UTC 2026 ===
=== BASELINE build start Fri Jul 10 15:00:42 UTC 2026 ===
EXIT 0

=== REFACTOR LANDED ===
Baseline Pattern_3 build: 1447s | Refactored: 1462s (+1.0%)
File 54496 -> 47167 lines (-7329, -13.4%)
1113/1116 helpers via HsHelpersGeneric (3 hand-written: hs_4714,hs_9655,hs_9656)
Axioms all [propext, Classical.choice, Quot.sound]. EXIT 0.

================================================================
ROUND 2 SESSION LOG (branch iroha-denote-refactor2)
================================================================
- Classified 175 hand-written stragglers by proof structure + op mix.
- KEY INSIGHT: round-1 dstep1..7 backbones compose by NESTING to arbitrary tree
  depth. 143 stragglers (all "hval-block" multi-hop trees over non-ring ops) are
  expressible as nested dstepK terms. NO new backbone lemmas needed.
- Built a generator (parses each straggler's have-hval_ blocks -> nested dstep term).
  Bugs fixed during validation:
    * happly for ∀params helpers (applyNode_fw_rms_norm_out) must let rw infer params
      -> switched happly to `(fun s => by rw [<call>])`.
    * inline identity-collapse proofs (4692/4693/4708x2) have no per-node hval blocks;
      inline path mis-classifies collapsed writer input as leaf -> EXCLUDED those 4.
- Validation: 143 generated proofs compiled in a scratch importing prebuilt
  Pattern_3.olean, EXIT 0 (7m16s), BEFORE applying to the real file.
- Applied in place (143 bodies rewritten, all names + set_option + #print axioms
  preserved). 40,820 -> 36,980 lines (-3,840).
- Full build `lake build denote.yoco_goals.Pattern_3`: EXIT 0, wall 29m54s.
- Axiom audit: 7 backbones + 8 refactored theorems all
  [propext, Classical.choice, Quot.sound].
- ZERO new sorry (grep -c sorry = 3 before and after; all pre-existing sm_pm_).
- ABANDONED 32 honestly: sliding_window x15, _shallow x5, allGather x4,
  inline-collapse x4, all2all/moe/topk x3, FW_stack x1.
- Scratch modules (ScratchDenote2/3.lean, AxAudit.lean) deleted before commit.
