[bw_build] start 20:37:06 worklist=bridge_emitter/BW_TOPO.txt
[bw_build] goal_256 SKIP (olean exists)
[bw_build] goal_254 SKIP (olean exists)
[bw_build] goal_251 SKIP (olean exists)
[bw_build] goal_250 SKIP (olean exists)
[bw_build] goal_248 SKIP (olean exists)
[bw_build] goal_247 SKIP (olean exists)
[bw_build] goal_245 SKIP (olean exists)
[bw_build] goal_243 SKIP (olean exists)
[bw_build] goal_244 SKIP (olean exists)
[bw_build] goal_246 SKIP (olean exists)
[bw_build] goal_249 SKIP (olean exists)
[bw_build] goal_252 SKIP (olean exists)
[bw_build] goal_253 SKIP (olean exists)
[bw_build] goal_255 SKIP (olean exists)
[bw_build] goal_310 SKIP (olean exists)
[bw_build] goal_312 SKIP (olean exists)
[bw_build] goal_242 SKIP (olean exists)
[bw_build] === goal_241 EMIT 20:37:06 ===
[bw_build] goal_241 BUILD olean 20:38:35
[bw_build] goal_241 PASS (olean built) 20:41:21
[bw_build] === goal_239 EMIT 20:41:21 ===
[bw_build] goal_239 BUILD olean 20:42:50
[bw_build] goal_239 PASS (olean built) 20:45:40
[bw_build] === goal_238 EMIT 20:45:40 ===
[bw_build] goal_238 BUILD olean 20:46:58
[bw_build] goal_238 PASS (olean built) 20:49:29
[bw_build] === goal_237 EMIT 20:49:29 ===
[bw_build] goal_237 BUILD olean 20:51:00
[bw_build] goal_237 FAIL_BUILD (real): denote/gpt_ly4_regen/Goal237Bridge.lean:175:85: error: unexpected identifier; expected '}'
[bw_build] === goal_236 EMIT 20:52:25 ===
[bw_build] goal_236 BUILD olean 20:52:31
[bw_build] goal_236 FAIL_BUILD (real): denote/gpt_ly4_regen/Goal236Bridge.lean:5:0: error: object file '/home/argustest/.openclaw/workspace/tainverify_lean/trainverify/.lake/build/lib/lean/denote/gpt_ly4_regen/Goal237Bridge.olean' of module denote.gpt_ly4_regen.Goal237Bridge does not exist
[bw_build] === goal_231 EMIT 20:52:33 ===
[bw_build] goal_231 BUILD olean 20:52:40
[bw_build] goal_231 FAIL_BUILD (real): denote/gpt_ly4_regen/Goal231Bridge.lean:5:0: error: object file '/home/argustest/.openclaw/workspace/tainverify_lean/trainverify/.lake/build/lib/lean/denote/gpt_ly4_regen/Goal236Bridge.olean' of module denote.gpt_ly4_regen.Goal236Bridge does not exist
[bw_build] === goal_230 EMIT 20:52:42 ===
[bw_build] goal_230 BUILD olean 20:52:47
[bw_build] goal_230 FAIL_BUILD (real): denote/gpt_ly4_regen/Goal230Bridge.lean:5:0: error: object file '/home/argustest/.openclaw/workspace/tainverify_lean/trainverify/.lake/build/lib/lean/denote/gpt_ly4_regen/Goal231Bridge.olean' of module denote.gpt_ly4_regen.Goal231Bridge does not exist
[bw_build] === goal_225 EMIT 20:52:49 ===
[bw_build] goal_225 BUILD olean 20:52:53
[bw_build] goal_225 FAIL_BUILD (real): denote/gpt_ly4_regen/Goal225Bridge.lean:5:0: error: object file '/home/argustest/.openclaw/workspace/tainverify_lean/trainverify/.lake/build/lib/lean/denote/gpt_ly4_regen/Goal230Bridge.olean' of module denote.gpt_ly4_regen.Goal230Bridge does not exist
[bw_build] === goal_224 EMIT 20:52:54 ===
[bw_build] goal_224 BUILD olean 20:53:01
[bw_build] goal_224 FAIL_BUILD (real): denote/gpt_ly4_regen/Goal224Bridge.lean:5:0: error: object file '/home/argustest/.openclaw/workspace/tainverify_lean/trainverify/.lake/build/lib/lean/denote/gpt_ly4_regen/Goal225Bridge.olean' of module denote.gpt_ly4_regen.Goal225Bridge does not exist
[bw_build] === goal_235 EMIT 20:53:02 ===
[bw_build] goal_235 BUILD olean 20:53:09
[bw_build] goal_235 FAIL_BUILD (real): denote/gpt_ly4_regen/Goal235Bridge.lean:5:0: error: object file '/home/argustest/.openclaw/workspace/tainverify_lean/trainverify/.lake/build/lib/lean/denote/gpt_ly4_regen/Goal236Bridge.olean' of module denote.gpt_ly4_regen.Goal236Bridge does not exist
[bw_build] === goal_234 EMIT 20:53:10 ===
[bw_build] goal_234 BUILD olean 20:53:17
[bw_build] goal_234 FAIL_BUILD (real): denote/gpt_ly4_regen/Goal234Bridge.lean:5:0: error: object file '/home/argustest/.openclaw/workspace/tainverify_lean/trainverify/.lake/build/lib/lean/denote/gpt_ly4_regen/Goal235Bridge.olean' of module denote.gpt_ly4_regen.Goal235Bridge does not exist
[bw_build] === goal_233 EMIT 20:53:18 ===
[bw_build] goal_233 BUILD olean 20:53:24
[bw_build] goal_233 FAIL_BUILD (real): denote/gpt_ly4_regen/Goal233Bridge.lean:5:0: error: object file '/home/argustest/.openclaw/workspace/tainverify_lean/trainverify/.lake/build/lib/lean/denote/gpt_ly4_regen/Goal234Bridge.olean' of module denote.gpt_ly4_regen.Goal234Bridge does not exist
[bw_build] === goal_227 EMIT 20:53:26 ===
[bw_build] goal_227 BUILD olean 20:53:31
[bw_build] goal_227 FAIL_BUILD (real): denote/gpt_ly4_regen/Goal227Bridge.lean:5:0: error: object file '/home/argustest/.openclaw/workspace/tainverify_lean/trainverify/.lake/build/lib/lean/denote/gpt_ly4_regen/Goal233Bridge.olean' of module denote.gpt_ly4_regen.Goal233Bridge does not exist
[bw_build] === goal_226 EMIT 20:53:33 ===
[bw_build] goal_226 BUILD olean 20:53:39
[bw_build] goal_226 FAIL_BUILD (real): denote/gpt_ly4_regen/Goal226Bridge.lean:5:0: error: object file '/home/argustest/.openclaw/workspace/tainverify_lean/trainverify/.lake/build/lib/lean/denote/gpt_ly4_regen/Goal227Bridge.olean' of module denote.gpt_ly4_regen.Goal227Bridge does not exist
[bw_build] === goal_221 EMIT 20:53:40 ===
[bw_build] goal_221 BUILD olean 20:53:44
[bw_build] goal_221 FAIL_BUILD (real): denote/gpt_ly4_regen/Goal221Bridge.lean:5:0: error: object file '/home/argustest/.openclaw/workspace/tainverify_lean/trainverify/.lake/build/lib/lean/denote/gpt_ly4_regen/Goal226Bridge.olean' of module denote.gpt_ly4_regen.Goal226Bridge does not exist
[bw_build] === goal_220 EMIT 20:53:45 ===
[bw_build] goal_220 BUILD olean 20:53:51
[bw_build] goal_220 FAIL_BUILD (real): denote/gpt_ly4_regen/Goal220Bridge.lean:5:0: error: object file '/home/argustest/.openclaw/workspace/tainverify_lean/trainverify/.lake/build/lib/lean/denote/gpt_ly4_regen/Goal221Bridge.olean' of module denote.gpt_ly4_regen.Goal221Bridge does not exist
[bw_build] === goal_232 EMIT 20:53:52 ===
[bw_build] goal_232 BUILD olean 20:54:00
[bw_build] goal_232 FAIL_BUILD (real): denote/gpt_ly4_regen/Goal232Bridge.lean:5:0: error: object file '/home/argustest/.openclaw/workspace/tainverify_lean/trainverify/.lake/build/lib/lean/denote/gpt_ly4_regen/Goal233Bridge.olean' of module denote.gpt_ly4_regen.Goal233Bridge does not exist
[bw_build] === goal_229 EMIT 20:54:01 ===
[bw_build] goal_229 BUILD olean 20:54:08
[bw_build] goal_229 FAIL_BUILD (real): denote/gpt_ly4_regen/Goal229Bridge.lean:5:0: error: object file '/home/argustest/.openclaw/workspace/tainverify_lean/trainverify/.lake/build/lib/lean/denote/gpt_ly4_regen/Goal232Bridge.olean' of module denote.gpt_ly4_regen.Goal232Bridge does not exist
[bw_build] === goal_228 EMIT 20:54:09 ===
[bw_build] goal_228 BUILD olean 20:54:15
[bw_build] goal_228 FAIL_BUILD (real): denote/gpt_ly4_regen/Goal228Bridge.lean:5:0: error: object file '/home/argustest/.openclaw/workspace/tainverify_lean/trainverify/.lake/build/lib/lean/denote/gpt_ly4_regen/Goal229Bridge.olean' of module denote.gpt_ly4_regen.Goal229Bridge does not exist
[bw_build] === goal_223 EMIT 20:54:16 ===
[bw_build] goal_223 BUILD olean 20:54:20
[bw_build] goal_223 FAIL_BUILD (real): denote/gpt_ly4_regen/Goal223Bridge.lean:5:0: error: object file '/home/argustest/.openclaw/workspace/tainverify_lean/trainverify/.lake/build/lib/lean/denote/gpt_ly4_regen/Goal228Bridge.olean' of module denote.gpt_ly4_regen.Goal228Bridge does not exist
[bw_build] === goal_222 EMIT 20:54:22 ===
[bw_build] goal_222 BUILD olean 20:54:27
[bw_build] goal_222 FAIL_BUILD (real): denote/gpt_ly4_regen/Goal222Bridge.lean:5:0: error: object file '/home/argustest/.openclaw/workspace/tainverify_lean/trainverify/.lake/build/lib/lean/denote/gpt_ly4_regen/Goal223Bridge.olean' of module denote.gpt_ly4_regen.Goal223Bridge does not exist
[bw_build] === goal_240 EMIT 20:54:29 ===
[bw_build] goal_240 BUILD olean 20:55:56
[bw_build] goal_240 PASS (olean built) 20:58:41
[bw_build] === goal_302 EMIT 20:58:41 ===
[bw_build] goal_302 BUILD olean 21:00:12
[bw_build] goal_302 PASS (olean built) 21:03:06
[bw_build] === goal_304 EMIT 21:03:06 ===
[bw_build] goal_304 BUILD olean 21:03:11
[bw_build] goal_304 FAIL_BUILD (real): denote/gpt_ly4_regen/Goal304Bridge.lean:5:0: error: object file '/home/argustest/.openclaw/workspace/tainverify_lean/trainverify/.lake/build/lib/lean/denote/gpt_ly4_regen/Goal221Bridge.olean' of module denote.gpt_ly4_regen.Goal221Bridge does not exist
[bw_build] === goal_306 EMIT 21:03:12 ===
[bw_build] goal_306 BUILD olean 21:03:17
[bw_build] goal_306 FAIL_BUILD (real): denote/gpt_ly4_regen/Goal306Bridge.lean:5:0: error: object file '/home/argustest/.openclaw/workspace/tainverify_lean/trainverify/.lake/build/lib/lean/denote/gpt_ly4_regen/Goal223Bridge.olean' of module denote.gpt_ly4_regen.Goal223Bridge does not exist
[bw_build] === goal_308 EMIT 21:03:18 ===
[bw_build] goal_308 BUILD olean 21:03:24
[bw_build] goal_308 FAIL_BUILD (real): denote/gpt_ly4_regen/Goal308Bridge.lean:5:0: error: object file '/home/argustest/.openclaw/workspace/tainverify_lean/trainverify/.lake/build/lib/lean/denote/gpt_ly4_regen/Goal225Bridge.olean' of module denote.gpt_ly4_regen.Goal225Bridge does not exist
[bw_build] === goal_219 EMIT 21:03:25 ===
[bw_build] goal_219 BUILD olean 21:03:32
[bw_build] goal_219 FAIL_BUILD (real): denote/gpt_ly4_regen/Goal219Bridge.lean:5:0: error: object file '/home/argustest/.openclaw/workspace/tainverify_lean/trainverify/.lake/build/lib/lean/denote/gpt_ly4_regen/Goal221Bridge.olean' of module denote.gpt_ly4_regen.Goal221Bridge does not exist
[bw_build] === goal_217 EMIT 21:03:33 ===
[bw_build] goal_217 BUILD olean 21:03:39
[bw_build] goal_217 FAIL_BUILD (real): denote/gpt_ly4_regen/Goal217Bridge.lean:5:0: error: object file '/home/argustest/.openclaw/workspace/tainverify_lean/trainverify/.lake/build/lib/lean/denote/gpt_ly4_regen/Goal219Bridge.olean' of module denote.gpt_ly4_regen.Goal219Bridge does not exist
[bw_build] === goal_218 EMIT 21:03:40 ===
[bw_build] goal_218 BUILD olean 21:03:46
[bw_build] goal_218 FAIL_BUILD (real): denote/gpt_ly4_regen/Goal218Bridge.lean:5:0: error: object file '/home/argustest/.openclaw/workspace/tainverify_lean/trainverify/.lake/build/lib/lean/denote/gpt_ly4_regen/Goal219Bridge.olean' of module denote.gpt_ly4_regen.Goal219Bridge does not exist
[bw_build] === goal_300 EMIT 21:03:47 ===
[bw_build] goal_300 BUILD olean 21:03:52
[bw_build] goal_300 FAIL_BUILD (real): denote/gpt_ly4_regen/Goal300Bridge.lean:5:0: error: object file '/home/argustest/.openclaw/workspace/tainverify_lean/trainverify/.lake/build/lib/lean/denote/gpt_ly4_regen/Goal219Bridge.olean' of module denote.gpt_ly4_regen.Goal219Bridge does not exist
[bw_build] === goal_216 EMIT 21:03:53 ===
[bw_build] goal_216 BUILD olean 21:03:58
[bw_build] goal_216 FAIL_BUILD (real): denote/gpt_ly4_regen/Goal216Bridge.lean:5:0: error: object file '/home/argustest/.openclaw/workspace/tainverify_lean/trainverify/.lake/build/lib/lean/denote/gpt_ly4_regen/Goal219Bridge.olean' of module denote.gpt_ly4_regen.Goal219Bridge does not exist
[bw_build] === goal_215 EMIT 21:04:00 ===
[bw_build] goal_215 BUILD olean 21:04:06
[bw_build] goal_215 FAIL_BUILD (real): denote/gpt_ly4_regen/Goal215Bridge.lean:5:0: error: object file '/home/argustest/.openclaw/workspace/tainverify_lean/trainverify/.lake/build/lib/lean/denote/gpt_ly4_regen/Goal216Bridge.olean' of module denote.gpt_ly4_regen.Goal216Bridge does not exist
[bw_build] === goal_213 EMIT 21:04:08 ===
[bw_build] goal_213 BUILD olean 21:04:14
[bw_build] goal_213 FAIL_BUILD (real): denote/gpt_ly4_regen/Goal213Bridge.lean:5:0: error: object file '/home/argustest/.openclaw/workspace/tainverify_lean/trainverify/.lake/build/lib/lean/denote/gpt_ly4_regen/Goal215Bridge.olean' of module denote.gpt_ly4_regen.Goal215Bridge does not exist
[bw_build] === goal_212 EMIT 21:04:15 ===
[bw_build] goal_212 BUILD olean 21:04:21
[bw_build] goal_212 FAIL_BUILD (real): denote/gpt_ly4_regen/Goal212Bridge.lean:5:0: error: object file '/home/argustest/.openclaw/workspace/tainverify_lean/trainverify/.lake/build/lib/lean/denote/gpt_ly4_regen/Goal213Bridge.olean' of module denote.gpt_ly4_regen.Goal213Bridge does not exist
[bw_build] === goal_210 EMIT 21:04:23 ===
[bw_build] goal_210 BUILD olean 21:04:29
[bw_build] goal_210 FAIL_BUILD (real): denote/gpt_ly4_regen/Goal210Bridge.lean:5:0: error: object file '/home/argustest/.openclaw/workspace/tainverify_lean/trainverify/.lake/build/lib/lean/denote/gpt_ly4_regen/Goal212Bridge.olean' of module denote.gpt_ly4_regen.Goal212Bridge does not exist
[bw_build] === goal_208 EMIT 21:04:31 ===
[bw_build] goal_208 BUILD olean 21:04:36
[bw_build] goal_208 FAIL_BUILD (real): denote/gpt_ly4_regen/Goal208Bridge.lean:5:0: error: object file '/home/argustest/.openclaw/workspace/tainverify_lean/trainverify/.lake/build/lib/lean/denote/gpt_ly4_regen/Goal210Bridge.olean' of module denote.gpt_ly4_regen.Goal210Bridge does not exist
[bw_build] === goal_209 EMIT 21:04:38 ===
[bw_build] goal_209 BUILD olean 21:04:43
[bw_build] goal_209 FAIL_BUILD (real): denote/gpt_ly4_regen/Goal209Bridge.lean:5:0: error: object file '/home/argustest/.openclaw/workspace/tainverify_lean/trainverify/.lake/build/lib/lean/denote/gpt_ly4_regen/Goal210Bridge.olean' of module denote.gpt_ly4_regen.Goal210Bridge does not exist
[bw_build] === goal_211 EMIT 21:04:45 ===
[bw_build] goal_211 BUILD olean 21:04:51
[bw_build] goal_211 FAIL_BUILD (real): denote/gpt_ly4_regen/Goal211Bridge.lean:5:0: error: object file '/home/argustest/.openclaw/workspace/tainverify_lean/trainverify/.lake/build/lib/lean/denote/gpt_ly4_regen/Goal212Bridge.olean' of module denote.gpt_ly4_regen.Goal212Bridge does not exist
[bw_build] === goal_214 EMIT 21:04:52 ===
[bw_build] goal_214 BUILD olean 21:04:59
[bw_build] goal_214 FAIL_BUILD (real): denote/gpt_ly4_regen/Goal214Bridge.lean:5:0: error: object file '/home/argustest/.openclaw/workspace/tainverify_lean/trainverify/.lake/build/lib/lean/denote/gpt_ly4_regen/Goal215Bridge.olean' of module denote.gpt_ly4_regen.Goal215Bridge does not exist
[bw_build] === goal_296 EMIT 21:05:00 ===
[bw_build] goal_296 BUILD olean 21:05:05
[bw_build] goal_296 FAIL_BUILD (real): denote/gpt_ly4_regen/Goal296Bridge.lean:5:0: error: object file '/home/argustest/.openclaw/workspace/tainverify_lean/trainverify/.lake/build/lib/lean/denote/gpt_ly4_regen/Goal210Bridge.olean' of module denote.gpt_ly4_regen.Goal210Bridge does not exist
[bw_build] === goal_298 EMIT 21:05:06 ===
[bw_build] goal_298 BUILD olean 21:05:12
[bw_build] goal_298 FAIL_BUILD (real): denote/gpt_ly4_regen/Goal298Bridge.lean:5:0: error: object file '/home/argustest/.openclaw/workspace/tainverify_lean/trainverify/.lake/build/lib/lean/denote/gpt_ly4_regen/Goal216Bridge.olean' of module denote.gpt_ly4_regen.Goal216Bridge does not exist
[bw_build] === goal_207 EMIT 21:05:13 ===
[bw_build] goal_207 BUILD olean 21:05:18
[bw_build] goal_207 FAIL_BUILD (real): denote/gpt_ly4_regen/Goal207Bridge.lean:5:0: error: object file '/home/argustest/.openclaw/workspace/tainverify_lean/trainverify/.lake/build/lib/lean/denote/gpt_ly4_regen/Goal210Bridge.olean' of module denote.gpt_ly4_regen.Goal210Bridge does not exist
[bw_build] === goal_206 EMIT 21:05:20 ===
[bw_build] goal_206 BUILD olean 21:05:26
[bw_build] goal_206 FAIL_BUILD (real): denote/gpt_ly4_regen/Goal206Bridge.lean:5:0: error: object file '/home/argustest/.openclaw/workspace/tainverify_lean/trainverify/.lake/build/lib/lean/denote/gpt_ly4_regen/Goal207Bridge.olean' of module denote.gpt_ly4_regen.Goal207Bridge does not exist
[bw_build] === goal_204 EMIT 21:05:28 ===
[bw_build] goal_204 BUILD olean 21:05:33
[bw_build] goal_204 FAIL_BUILD (real): denote/gpt_ly4_regen/Goal204Bridge.lean:5:0: error: object file '/home/argustest/.openclaw/workspace/tainverify_lean/trainverify/.lake/build/lib/lean/denote/gpt_ly4_regen/Goal206Bridge.olean' of module denote.gpt_ly4_regen.Goal206Bridge does not exist
[bw_build] === goal_203 EMIT 21:05:35 ===
[bw_build] goal_203 BUILD olean 21:05:39
[bw_build] goal_203 FAIL_BUILD (real): denote/gpt_ly4_regen/Goal203Bridge.lean:5:0: error: object file '/home/argustest/.openclaw/workspace/tainverify_lean/trainverify/.lake/build/lib/lean/denote/gpt_ly4_regen/Goal204Bridge.olean' of module denote.gpt_ly4_regen.Goal204Bridge does not exist
[bw_build] === goal_202 EMIT 21:05:40 ===
[bw_build] goal_202 BUILD olean 21:05:48
[bw_build] goal_202 FAIL_BUILD (real): denote/gpt_ly4_regen/Goal202Bridge.lean:5:0: error: object file '/home/argustest/.openclaw/workspace/tainverify_lean/trainverify/.lake/build/lib/lean/denote/gpt_ly4_regen/Goal203Bridge.olean' of module denote.gpt_ly4_regen.Goal203Bridge does not exist
[bw_build] === goal_201 EMIT 21:05:49 ===
[bw_build] goal_201 BUILD olean 21:05:56
[bw_build] goal_201 FAIL_BUILD (real): denote/gpt_ly4_regen/Goal201Bridge.lean:5:0: error: object file '/home/argustest/.openclaw/workspace/tainverify_lean/trainverify/.lake/build/lib/lean/denote/gpt_ly4_regen/Goal202Bridge.olean' of module denote.gpt_ly4_regen.Goal202Bridge does not exist
[bw_build] === goal_200 EMIT 21:05:57 ===
[bw_build] goal_200 BUILD olean 21:06:04
[bw_build] goal_200 FAIL_BUILD (real): denote/gpt_ly4_regen/Goal200Bridge.lean:5:0: error: object file '/home/argustest/.openclaw/workspace/tainverify_lean/trainverify/.lake/build/lib/lean/denote/gpt_ly4_regen/Goal201Bridge.olean' of module denote.gpt_ly4_regen.Goal201Bridge does not exist
[bw_build] === goal_205 EMIT 21:06:06 ===
[bw_build] goal_205 BUILD olean 21:06:12
[bw_build] goal_205 FAIL_BUILD (real): denote/gpt_ly4_regen/Goal205Bridge.lean:5:0: error: object file '/home/argustest/.openclaw/workspace/tainverify_lean/trainverify/.lake/build/lib/lean/denote/gpt_ly4_regen/Goal206Bridge.olean' of module denote.gpt_ly4_regen.Goal206Bridge does not exist
[bw_build] done 21:06:14
=== SUMMARY ===
PASS: 5
SKIP_HAVE_OLEAN: 17
FAIL_BUILD: 44
