● Read Goal_58.lean
  │ denote/gpt_ly4_regen/Goal_58.lean
  └ 141 lines read

● Read Goal56Bridge.lean
  │ denote/gpt_ly4_regen/Goal56Bridge.lean
  └ 407 lines read

● Read Goal293Bridge.lean
  │ denote/gpt_ly4_regen/Goal293Bridge.lean
  └ 408 lines read

● Find goal_293 and initGoal_645 definitions (shell)
  │ grep -n "goal_293\|initGoal_645\|goal_58" /home/argustest/.openclaw/workspac
  │ e/tainverify_lean/trainverify/denote/gpt_ly4_regen/GeneratedData.lean | head
  │ -60
  └ 13 lines...

● Find initGoal_645 and goal_293 definitions (shell)
  │ grep -n "initGoal_645\|goal_293 :" /home/argustest/.openclaw/workspace/tainv
  │ erify_lean/trainverify/denote/gpt_ly4_regen/GeneratedData.lean | head -30
  └ 4 lines...

● Read GeneratedData.lean
  │ denote/gpt_ly4_regen/GeneratedData.lean
  └ L4125:4160 (35 lines read)

● Read GeneratedData.lean
  │ denote/gpt_ly4_regen/GeneratedData.lean
  └ L5071:5140 (70 lines read)

● Find InitGoalHolds definition (shell)
  │ grep -n "InitGoalHolds\|def InitGoal" /home/argustest/.openclaw/workspace/ta
  │ inverify_lean/trainverify/TrainVerify/Denote/*.lean | head -30
  └ 2 lines...

● Find InitGoalHolds definition (shell)
  │ grep -rn "def InitGoalHolds"
  │ /home/argustest/.openclaw/workspace/tainverify_lean/trainverify/ 2>/dev/null
  │ | head -10
  └ 3 lines...

● Read Denote.lean
  │ denote/Denote.lean
  └ L6863:6900 (38 lines read)

● Read GeneratedData.lean
  │ denote/gpt_ly4_regen/GeneratedData.lean
  └ L4366:4380 (14 lines read)

Now I have all the information needed. Let me create the bridge file:

● Create Goal58Bridge.lean +416
  └ denote/gpt_ly4_regen/Goal58Bridge.lean

● Build Goal58Bridge.lean (shell)
  │ cd /home/argustest/.openclaw/workspace/tainverify_lean/trainverify && lake
  │ env lean denote/gpt_ly4_regen/Goal58Bridge.lean 2>&1
  └ 1 line...

Build succeeded with exit 0. Let me verify the acceptance criteria:

● Check no sorry in file (shell)
  │ grep -c sorry /home/argustest/.openclaw/workspace/tainverify_lean/trainverif
  │ y/denote/gpt_ly4_regen/Goal58Bridge.lean
  └ 2 lines...

All acceptance criteria met:
1. ✅ `lake env lean Goal58Bridge.lean` → **EXIT 0**, no errors
2. ✅ File ends with `theorem goal_58_intermediate` proven (no sorry/admit)
3. ✅ `grep -c sorry` → **0**
4. ✅ Did not touch Goal_58.lean, GeneratedData.lean, or MainTheorem.lean

**Summary:** `Goal58Bridge.lean` proves `goal_58_intermediate` by:
- Mini lemmas computing `denoteGraph sm_goal_58 s 646 = fw_linear (s 1012) (s 645)` and the AllGather dim1 form for PM
- Self-frame lemmas for SM (node 64) and PM (nodes 400, 401, 402, **405** for rank 3, then node 414 AllGather)
- `goal_58_hInitCut_helper` dispatching 70 prereqs ending with `hg293` (not goal_289)
- `goal_58_cut_to_full` extracting shapes from `goal_293` (4 PM per-rank inputs [1,2,32]) and `initGoal_645` (replicated weight [32,32]), building `StoreShapesHold` witnesses, then framing `prove_goal_58_cut`
- `goal_58_intermediate` wrapping the full proof



Changes    +416 -0
AI Credits 89.4 (7m 3s)
Tokens     ↑ 672.2k (581.7k cached, 77.3k written) • ↓ 26.0k (3.8k reasoning)
